SELECT pgv_free();
 pgv_free 
----------
 
(1 row)

-- Rewriting a scalar variable with a same-sized varlena reuses the stored
-- buffer in place. Verify the stored value always tracks the latest set across
-- equal / smaller / larger sizes.
SELECT pgv_set('ip', 's', 'AAAA'::text);
 pgv_set 
---------
 
(1 row)

SELECT pgv_set('ip', 's', 'BBBB'::text);        -- same size -> in-place
 pgv_set 
---------
 
(1 row)

SELECT pgv_get('ip', 's', NULL::text) AS same_size;
 same_size 
-----------
 BBBB
(1 row)

SELECT pgv_set('ip', 's', 'CC'::text);          -- smaller -> copy path
 pgv_set 
---------
 
(1 row)

SELECT pgv_get('ip', 's', NULL::text) AS smaller;
 smaller 
---------
 CC
(1 row)

SELECT pgv_set('ip', 's', 'DDDDDDDD'::text);    -- larger -> copy path
 pgv_set 
---------
 
(1 row)

SELECT pgv_get('ip', 's', NULL::text) AS larger;
  larger  
----------
 DDDDDDDD
(1 row)

SELECT pgv_set('ip', 's', NULL::text);          -- to NULL -> free
 pgv_set 
---------
 
(1 row)

SELECT pgv_get('ip', 's', NULL::text, false) AS to_null;
 to_null 
---------
 
(1 row)

SELECT pgv_free();
 pgv_free 
----------
 
(1 row)

-- Transactional variable + savepoint rollback: the savepointed value must be
-- restored intact even though the current state was overwritten in place.
BEGIN;
SELECT pgv_set('ip2', 'v', 'XXXX'::text, true);
 pgv_set 
---------
 
(1 row)

SAVEPOINT s;
SELECT pgv_set('ip2', 'v', 'YYYY'::text, true);  -- same size -> in-place on top state
 pgv_set 
---------
 
(1 row)

SELECT pgv_get('ip2', 'v', NULL::text) AS before_rollback;
 before_rollback 
-----------------
 YYYY
(1 row)

ROLLBACK TO s;
SELECT pgv_get('ip2', 'v', NULL::text) AS after_rollback;
 after_rollback 
----------------
 XXXX
(1 row)

COMMIT;
SELECT pgv_free();
 pgv_free 
----------
 
(1 row)

-- Fixed-length pass-by-reference values can reuse their stored buffer too.
SELECT pgv_set('ip_fixed', 'uuid_value',
               '00000000-0000-0000-0000-000000000001'::uuid);
 pgv_set 
---------
 
(1 row)

SELECT pgv_set('ip_fixed', 'uuid_value',
               '00000000-0000-0000-0000-000000000002'::uuid);
 pgv_set 
---------
 
(1 row)

SELECT pgv_get('ip_fixed', 'uuid_value', NULL::uuid) AS uuid_value;
              uuid_value              
--------------------------------------
 00000000-0000-0000-0000-000000000002
(1 row)

SELECT pgv_set('ip_fixed', 'name_value', 'first-name'::name);
 pgv_set 
---------
 
(1 row)

SELECT pgv_set('ip_fixed', 'name_value', 'second-name'::name);
 pgv_set 
---------
 
(1 row)

SELECT pgv_get('ip_fixed', 'name_value', NULL::name) AS name_value;
 name_value  
-------------
 second-name
(1 row)

SELECT pgv_set('ip_fixed', 'interval_value', '1 day'::interval);
 pgv_set 
---------
 
(1 row)

SELECT pgv_set('ip_fixed', 'interval_value',
               '2 days 03:04:05'::interval);
 pgv_set 
---------
 
(1 row)

SELECT pgv_get('ip_fixed', 'interval_value', NULL::interval)
       AS interval_value;
         interval_value         
--------------------------------
 @ 2 days 3 hours 4 mins 5 secs
(1 row)

SELECT pgv_set('ip_fixed', 'tid_value', '(1,2)'::tid);
 pgv_set 
---------
 
(1 row)

SELECT pgv_set('ip_fixed', 'tid_value', '(3,4)'::tid);
 pgv_set 
---------
 
(1 row)

SELECT pgv_get('ip_fixed', 'tid_value', NULL::tid) AS tid_value;
 tid_value 
-----------
 (3,4)
(1 row)

SELECT pgv_set('ip_fixed', 'uuid_value', NULL::uuid);
 pgv_set 
---------
 
(1 row)

SELECT pgv_get('ip_fixed', 'uuid_value', NULL::uuid, false) AS uuid_null;
 uuid_null 
-----------
 
(1 row)

SELECT pgv_free();
 pgv_free 
----------
 
(1 row)

-- The current transactional state owns a distinct fixed-length buffer; an
-- in-place overwrite must not modify the state restored by ROLLBACK TO.
BEGIN;
SELECT pgv_set('ip_fixed_tx', 'uuid_value',
               '00000000-0000-0000-0000-000000000010'::uuid, true);
 pgv_set 
---------
 
(1 row)

SAVEPOINT fixed_sp;
SELECT pgv_set('ip_fixed_tx', 'uuid_value',
               '00000000-0000-0000-0000-000000000020'::uuid, true);
 pgv_set 
---------
 
(1 row)

SELECT pgv_get('ip_fixed_tx', 'uuid_value', NULL::uuid)
       AS fixed_before_rollback;
        fixed_before_rollback         
--------------------------------------
 00000000-0000-0000-0000-000000000020
(1 row)

ROLLBACK TO fixed_sp;
SELECT pgv_get('ip_fixed_tx', 'uuid_value', NULL::uuid)
       AS fixed_after_rollback;
         fixed_after_rollback         
--------------------------------------
 00000000-0000-0000-0000-000000000010
(1 row)

ROLLBACK;
SELECT pgv_free();
 pgv_free 
----------
 
(1 row)

-- End fixed-length in-place checks.
