SELECT pgv_free();
 pgv_free 
----------
 
(1 row)

-- A valid regular-only package may need its transactional hash created by the
-- fast path.  An error before a variable is added must not poison the package,
-- and the next transactional create must still roll back cleanly.
SELECT pgv_set('book_opposite', 'same_name', 1::int, false);
 pgv_set 
---------
 
(1 row)

BEGIN;
SAVEPOINT opposite_error;
SELECT pgv_set('book_opposite', 'same_name', 2::int, true); -- fail
ERROR:  variable "same_name" already created as NOT TRANSACTIONAL
ROLLBACK TO opposite_error;
SELECT pgv_set('book_opposite', 'transactional', 3::int, true);
 pgv_set 
---------
 
(1 row)

SELECT pgv_get('book_opposite', 'transactional', NULL::int)
       AS transactional_before_rollback;
 transactional_before_rollback 
-------------------------------
                             3
(1 row)

ROLLBACK;
SELECT pgv_get('book_opposite', 'same_name', NULL::int)
       AS regular_after_rollback;
 regular_after_rollback 
------------------------
                      1
(1 row)

SELECT pgv_get('book_opposite', 'transactional', NULL::int, false)
       AS transactional_after_rollback;
 transactional_after_rollback 
------------------------------
                             
(1 row)

SELECT pgv_free();
 pgv_free 
----------
 
(1 row)

-- The inverse missing-HTAB path must preserve a regular variable created in a
-- package that initially contained only a transactional variable.
SELECT pgv_set('book_other', 'v', 10::int, false);
 pgv_set 
---------
 
(1 row)

BEGIN;
SELECT pgv_set('book_tx_first', 'transactional', 20::int, true);
 pgv_set 
---------
 
(1 row)

SELECT pgv_get('book_other', 'v', NULL::int); -- force package cache miss
 pgv_get 
---------
      10
(1 row)

SELECT pgv_set('book_tx_first', 'regular', 30::int, false);
 pgv_set 
---------
 
(1 row)

ROLLBACK;
SELECT pgv_get('book_tx_first', 'regular', NULL::int)
       AS opposite_regular_after_rollback;
 opposite_regular_after_rollback 
---------------------------------
                              30
(1 row)

SELECT pgv_get('book_tx_first', 'transactional', NULL::int, false)
       AS opposite_tx_after_rollback;
 opposite_tx_after_rollback 
----------------------------
                           
(1 row)

SELECT pgv_free();
 pgv_free 
----------
 
(1 row)

-- A regular scalar write to an existing valid package must not create package
-- transaction state merely because another package displaced the one-entry
-- cache.  The value write itself is session-scoped and requires no rollback.
DO $$
BEGIN
    PERFORM pgv_set('book_scalar', 'v', 1::int, false);
    PERFORM pgv_set('book_other', 'v', 10::int, false);
END
$$;
DO $$
DECLARE
    stack_contexts integer;
BEGIN
    PERFORM pgv_get('book_other', 'v', NULL::int);
    PERFORM pgv_set('book_scalar', 'v', 2::int, false);

    IF to_regclass('pg_catalog.pg_backend_memory_contexts') IS NULL THEN
        RETURN;
    END IF;

    EXECUTE $query$
        SELECT count(*)
        FROM pg_catalog.pg_backend_memory_contexts
        WHERE name = 'pg_variables: changesStack'
    $query$ INTO stack_contexts;

    IF stack_contexts <> 0 THEN
        RAISE EXCEPTION
            'regular scalar cache miss created package transaction state';
    END IF;
END
$$;
SELECT pgv_get('book_scalar', 'v', NULL::int) AS scalar_after_cache_miss;
 scalar_after_cache_miss 
-------------------------
                       2
(1 row)

SELECT pgv_free();
 pgv_free 
----------
 
(1 row)

-- The same invariant applies to an existing regular record variable.
DO $$
BEGIN
    PERFORM pgv_insert('book_record', 'r',
                       ROW (1::int, 'one'::text), false);
    PERFORM pgv_set('book_other', 'v', 10::int, false);
END
$$;
DO $$
DECLARE
    stack_contexts integer;
BEGIN
    PERFORM pgv_get('book_other', 'v', NULL::int);
    PERFORM pgv_insert('book_record', 'r',
                       ROW (2::int, 'two'::text), false);

    IF to_regclass('pg_catalog.pg_backend_memory_contexts') IS NULL THEN
        RETURN;
    END IF;

    EXECUTE $query$
        SELECT count(*)
        FROM pg_catalog.pg_backend_memory_contexts
        WHERE name = 'pg_variables: changesStack'
    $query$ INTO stack_contexts;

    IF stack_contexts <> 0 THEN
        RAISE EXCEPTION
            'regular record cache miss created package transaction state';
    END IF;
END
$$;
SELECT *
FROM pgv_select('book_record', 'r') AS t(id int, label text)
ORDER BY id;
 id | label 
----+-------
  1 | one
  2 | two
(2 rows)

SELECT pgv_free();
 pgv_free 
----------
 
(1 row)

-- End package bookkeeping checks.
