CREATE EXTENSION pg_variables;
SELECT pg_advisory_unlock_all();
 pg_advisory_unlock_all 
------------------------
 
(1 row)

-- Top-level ROLLBACK releases session-level advisory locks by default.
BEGIN;
SELECT pg_advisory_lock(64001);
 pg_advisory_lock 
------------------
 
(1 row)

ROLLBACK;
SELECT count(*) AS locks_after_rollback
FROM pg_locks
WHERE pid = pg_backend_pid()
  AND locktype = 'advisory';
 locks_after_rollback 
----------------------
                    0
(1 row)

-- Transaction abort after an error also releases session-level advisory locks.
BEGIN;
SELECT pg_advisory_lock(64002);
 pg_advisory_lock 
------------------
 
(1 row)

SELECT 1 / 0;
ERROR:  division by zero
ROLLBACK;
SELECT count(*) AS locks_after_error
FROM pg_locks
WHERE pid = pg_backend_pid()
  AND locktype = 'advisory';
 locks_after_error 
-------------------
                 0
(1 row)

-- COMMIT keeps PostgreSQL's regular session advisory lock behavior.
BEGIN;
SELECT pg_advisory_lock(64003);
 pg_advisory_lock 
------------------
 
(1 row)

COMMIT;
SELECT count(*) AS locks_after_commit
FROM pg_locks
WHERE pid = pg_backend_pid()
  AND locktype = 'advisory';
 locks_after_commit 
--------------------
                  1
(1 row)

SELECT pg_advisory_unlock_all();
 pg_advisory_unlock_all 
------------------------
 
(1 row)

-- The GUC can disable abort cleanup.
SET pg_variables.unlock_advisory_locks_on_abort = off;
BEGIN;
SELECT pg_advisory_lock(64004);
 pg_advisory_lock 
------------------
 
(1 row)

ROLLBACK;
SELECT count(*) AS locks_when_disabled
FROM pg_locks
WHERE pid = pg_backend_pid()
  AND locktype = 'advisory';
 locks_when_disabled 
---------------------
                   1
(1 row)

SELECT pg_advisory_unlock_all();
 pg_advisory_unlock_all 
------------------------
 
(1 row)

RESET pg_variables.unlock_advisory_locks_on_abort;
-- ROLLBACK TO SAVEPOINT must not release all session advisory locks.
BEGIN;
SELECT pg_advisory_lock(64005);
 pg_advisory_lock 
------------------
 
(1 row)

SAVEPOINT advisory_s;
SELECT pg_advisory_lock(64006);
 pg_advisory_lock 
------------------
 
(1 row)

ROLLBACK TO SAVEPOINT advisory_s;
COMMIT;
SELECT count(*) AS locks_after_subxact_rollback
FROM pg_locks
WHERE pid = pg_backend_pid()
  AND locktype = 'advisory';
 locks_after_subxact_rollback 
------------------------------
                            2
(1 row)

SELECT pg_advisory_unlock_all();
 pg_advisory_unlock_all 
------------------------
 
(1 row)

DROP EXTENSION pg_variables;
