SET client_min_messages = warning;
DROP EXTENSION IF EXISTS pg_variables;
-- A pre-1.4 catalog still ships 3-argument setters (pgv_set*, pgv_insert)
-- bound to the current .so. Reading a non-existent is_transactional flag past
-- the end of fcinfo used to make the value transactional at random and lose it
-- on the implicit commit -- a silent data-loss window after pg_upgrade from
-- 1.0. The 3-argument form must store a plain, session-lived variable.
CREATE EXTENSION pg_variables VERSION '1.0';
-- Scalar setters (3-arg): value must survive its own autocommit.
SELECT pgv_set_int('oldapi', 'i', 1);
 pgv_set_int 
-------------
 
(1 row)

SELECT pgv_get_int('oldapi', 'i') AS scalar_int;
 scalar_int 
------------
          1
(1 row)

SELECT pgv_set('oldapi', 'g', 42::int);
 pgv_set 
---------
 
(1 row)

SELECT pgv_get('oldapi', 'g', NULL::int) AS scalar_any;
 scalar_any 
------------
         42
(1 row)

-- Record insert (3-arg): rows must survive.
SELECT pgv_insert('oldapi', 'r', ROW (1::int, 'a'::text));
 pgv_insert 
------------
 
(1 row)

SELECT pgv_insert('oldapi', 'r', ROW (2::int, 'b'::text));
 pgv_insert 
------------
 
(1 row)

SELECT count(*) AS rec_rows FROM pgv_select('oldapi', 'r') AS t(i int, s text);
 rec_rows 
----------
        2
(1 row)

-- A getter with an explicit NULL strict flag falls back to strict = true.
SELECT pgv_get_int('oldapi', 'i', NULL::bool) AS strict_null_ok;
 strict_null_ok 
----------------
              1
(1 row)

DROP EXTENSION pg_variables;
