SELECT pgv_free();
 pgv_free 
----------
 
(1 row)

-- Revalidating a removed transactional variable inside a subtransaction must
-- create a package savepoint before bumping trans_var_num. Otherwise ROLLBACK
-- TO cannot restore the counter and leaves a phantom package that pgv_exists()
-- still reports after commit even though no variable remains (regression from
-- the package-lookup fast path: cache-hit skips createPackage(), and
-- createVariableInternal() bumped the counter without a package savepoint).
-- Case 1: rollback of the revalidating subtransaction must not leak a package.
BEGIN;
SELECT pgv_set('phantom', 'reg', 1);
 pgv_set 
---------
 
(1 row)

SELECT pgv_set('phantom', 'v', 1, true);
 pgv_set 
---------
 
(1 row)

SELECT pgv_remove('phantom', 'v');
 pgv_remove 
------------
 
(1 row)

SELECT pgv_exists('phantom');           -- prime the package lookup cache
 pgv_exists 
------------
 t
(1 row)

SAVEPOINT s1;
SELECT pgv_set('phantom', 'v', 2, true);
 pgv_set 
---------
 
(1 row)

ROLLBACK TO s1;
COMMIT;
SELECT pgv_remove('phantom', 'reg');
 pgv_remove 
------------
 
(1 row)

-- No live variable remains, so the package must be gone.
SELECT pgv_exists('phantom') AS pkg_exists;
 pkg_exists 
------------
 f
(1 row)

SELECT count(*) AS rows_for_phantom FROM pgv_list() WHERE package = 'phantom';
 rows_for_phantom 
------------------
                0
(1 row)

SELECT pgv_free();
 pgv_free 
----------
 
(1 row)

-- Case 2 (control): releasing the revalidating subtransaction keeps the value
-- and a correct counter; the regular variable survives commit, the
-- transactional one is discarded.
BEGIN;
SELECT pgv_set('keep', 'reg', 1);
 pgv_set 
---------
 
(1 row)

SELECT pgv_set('keep', 'v', 1, true);
 pgv_set 
---------
 
(1 row)

SELECT pgv_remove('keep', 'v');
 pgv_remove 
------------
 
(1 row)

SELECT pgv_exists('keep');
 pgv_exists 
------------
 t
(1 row)

SAVEPOINT s1;
SELECT pgv_set('keep', 'v', 2, true);
 pgv_set 
---------
 
(1 row)

RELEASE SAVEPOINT s1;
SELECT pgv_get('keep', 'v', NULL::int) AS v_after_release;
 v_after_release 
-----------------
               2
(1 row)

COMMIT;
SELECT pgv_exists('keep') AS keep_exists;
 keep_exists 
-------------
 t
(1 row)

SELECT pgv_get('keep', 'reg', NULL::int) AS reg_after_commit;
 reg_after_commit 
------------------
                1
(1 row)

SELECT pgv_free();
 pgv_free 
----------
 
(1 row)

